../Core/Src/main.c:86:5:main	8	static
../Core/Src/main.c:160:6:SystemClock_Config	96	static
../Core/Src/main.c:210:13:MX_ADC1_Init	48	static
../Core/Src/main.c:277:13:MX_TIM2_Init	64	static
../Core/Src/main.c:340:13:MX_TIM3_Init	56	static
../Core/Src/main.c:402:13:MX_TIM4_Init	40	static
../Core/Src/main.c:454:13:MX_TIM6_Init	24	static
../Core/Src/main.c:492:13:MX_USART2_UART_Init	8	static
../Core/Src/main.c:527:13:MX_GPIO_Init	48	static
../Core/Src/main.c:597:6:HAL_TIM_PeriodElapsedCallback	16	static
../Core/Src/main.c:605:6:HAL_ADC_ConvCpltCallback	16	static
../Core/Src/main.c:610:6:send_data_to_uart	72	static
../Core/Src/main.c:617:6:HAL_UART_RxCpltCallback	40	static
../Core/Src/main.c:639:6:Error_Handler	4	static,ignoring_inline_asm
